{
  "annotations": {
    "title": "Update release"
  },
  "description": "Update an existing release in a GitHub repository",
  "inputSchema": {
    "properties": {
      "body": {
        "description": "Text describing the contents of the release",
        "type": "string"
      },
      "draft": {
        "description": "True to make this a draft release, false to publish it",
        "type": "boolean"
      },
      "name": {
        "description": "The name of the release",
        "type": "string"
      },
      "owner": {
        "description": "Repository owner",
        "type": "string"
      },
      "prerelease": {
        "description": "True to identify the release as a prerelease",
        "type": "boolean"
      },
      "release_id": {
        "description": "The ID of the release to update",
        "type": "number"
      },
      "repo": {
        "description": "Repository name",
        "type": "string"
      },
      "tag_name": {
        "description": "The name of the tag",
        "type": "string"
      },
      "target_commitish": {
        "description": "Specifies the commitish value that determines where the Git tag is created from",
        "type": "string"
      }
    },
    "required": [
      "owner",
      "repo",
      "release_id"
    ],
    "type": "object"
  },
  "name": "update_release"
}